********************************************************************************
*                       GENERAL UTILITY LATTICE PROGRAM                        *
*                                 Julian Gale                                  *
*                       Curtin Institute for Computation                       *
*                    School of Molecular and Life Sciences                     *
*                    Curtin University, Western Australia                      *
********************************************************************************
* Version = 5.2.0 * Last modified =  10th September 2020                       *
********************************************************************************


  **** Unrecognised element symbol 0v ****



 Program terminated by processor     0 in               istoan

